Script started on 2022-10-06 15:08:18+09:00 [TERM="xterm-256color" TTY="/dev/pts/3" COLUMNS="159" LINES="15"]
]0;haruka@DESKTOP-LTV8VC4: ~/bprog2022[01;32mharuka@DESKTOP-LTV8VC4[00m:[01;34m~/bprog2022[00m$ lghci src?[K/Rec.hs
GHCi, version 9.0.2: https://www.haskell.org/ghc/  :? for help
Loaded GHCi configuration from /home/haruka/bprog2022/.ghci
[1 of 1] Compiling Rec              ( src/Rec.hs, interpreted )
Ok, one module loaded.
2022-10-06 15:08:54.314974138
[?1h=>>> j[Kproduct [[K[]
[?1l>1
2022-10-06 15:13:13.925692607
[?1h=>>> product [3,1,4]
[?1l>12
2022-10-06 15:14:06.260793917
[?1h=>>> :r
[?1l>[1 of 1] Compiling Rec              ( src/Rec.hs, interpreted )
Ok, one module loaded.
2022-10-06 15:14:57.020226379
[?1h=>>> product [3,1,4]
[?1l>0
2022-10-06 15:15:10.460741072
[?1h=>>> :r
[?1l>[1 of 1] Compiling Rec              ( src/Rec.hs, interpreted )
Ok, one module loaded.
2022-10-06 15:17:02.584567935
[?1h=>>> :i Num
[?1l>type Num :: * -> Constraint
class Num a where
  (+) :: a -> a -> a
  (-) :: a -> a -> a
  (*) :: a -> a -> a
  negate :: a -> a
  abs :: a -> a
  signum :: a -> a
  fromInteger :: Integer -> a
  {-# MINIMAL (+), (*), abs, signum, fromInteger, (negate | (-)) #-}
  	-- Defined in ‘GHC.Num’
instance Num NominalDiffTime
  -- Defined in ‘time-1.9.3:Data.Time.Clock.Internal.NominalDiffTime’
instance Num DiffTime
  -- Defined in ‘time-1.9.3:Data.Time.Clock.Internal.DiffTime’
instance Num Word -- Defined in ‘GHC.Num’
instance Num Integer -- Defined in ‘GHC.Num’
instance Num Int -- Defined in ‘GHC.Num’
instance Num Float -- Defined in ‘GHC.Float’
instance Num Double -- Defined in ‘GHC.Float’
2022-10-06 15:20:02.599372981
[?1h=>>> :t 3
[?1l>3 :: Num p => p
2022-10-06 15:24:35.401159344
[?1h=>>> :r
[?1l>[1 of 1] Compiling Rec              ( src/Rec.hs, interpreted )
Ok, one module loaded.
2022-10-06 15:41:40.896678905
[?1h=>>> drop 2 [3,1,4,1,5]
[?1l>[4,1,5]
2022-10-06 15:42:05.417832796
[?1h=>>> drop 10 [3,1,4,1,5]0 [3,1,4,1,5][K[13D0 [3,1,4,1,5][K[13D50 [3,1,4,1,5][13D
[?1l>
[;1m<interactive>:10:1: [;1m[31merror:[0m[0m[;1m[0m[0m[;1m
    • Variable not in scope: drop50 :: [a0] -> t
    • Perhaps you meant ‘drop’ (line 10)[0m[0m
2022-10-06 15:42:35.483769471
[?1h=>>> drop50 [3,1,4,1,5] [3,1,4,1,5][K[12D [3,1,4,1,5][K[12D  [3,1,4,1,5][12D5 [3,1,4,1,5][12D[C[C[C[C[C[C[C[C[C[C[C[C
[?1l>[]
2022-10-06 15:42:55.36869122
[?1h=>>> :r
[?1l>[1 of 1] Compiling Rec              ( src/Rec.hs, interpreted )
Ok, one module loaded.
2022-10-06 15:47:09.404888092
[?1h=>>> :r[2Ddrop 5 [3,1,4,1,5]5 [3,1,4,1,5][K[13D25 [3,1,4,1,5][13D5 [3,1,4,1,5][K[13D5 [3,1,4,1,5][K[13Dp5 [3,1,4,1,5][13D[C [3,1,4,1,5][K[12D2 [3,1,4,1,5][12D  [3,1,4,1,5][12D p2  [3,1,4,1,5][15Dp2  [3,1,4,1,5][K[15D[C 2  [3,1,4,1,5][14D
[?1l>[4,1,5]
2022-10-06 15:47:39.700573777
[?1h=>>> head []
[?1l>*** Exception: Prelude.head: empty list
2022-10-06 15:52:00.013950292
[?1h=>>> tail []
[?1l>*** Exception: Prelude.tail: empty list
2022-10-06 15:52:13.106999871
[?1h=>>> last []
[?1l>*** Exception: Prelude.last: empty list
2022-10-06 15:54:24.648160163
[?1h=>>> init []
[?1l>
[;1m<interactive>:17:1: [;1m[31merror:[0m[0m[;1m[0m[0m[;1m Variable not in scope: init :: [a0] -> t[0m[0m
2022-10-06 15:54:32.574620803
[?1h=>>> :r
[?1l>[1 of 1] Compiling Rec              ( src/Rec.hs, interpreted )
Ok, one module loaded.
2022-10-06 16:01:08.117969979
[?1h=>>> init [3,1,4,1,5]
[?1l>[3,1,4,1]
2022-10-06 16:01:17.765168745
[?1h=>>> init []
[?1l>*** Exception: karaya-
CallStack (from HasCallStack):
  error, called at src/Rec.hs:15:11 in main:Rec
2022-10-06 16:03:16.009913554
[?1h=>>> :r
[?1l>[1 of 1] Compiling Rec              ( src/Rec.hs, interpreted )

[;1msrc/Rec.hs:23:44: [;1m[31merror:[0m[0m[;1m[0m[0m[;1m
    parse error (possibly incorrect indentation or mismatched brackets)[0m[0m
[;1m[34m   |[0m[0m
[;1m[34m23 |[0m[0m      | otherwise = error "negative number"|[;1m[31m[0m[0m
[;1m[34m   |[0m[0m[;1m[31m                                            ^[0m[0m
Failed, no modules loaded.
2022-10-06 16:10:42.840207383
[?1h=>>> :r
[?1l>[1 of 1] Compiling Rec              ( src/Rec.hs, interpreted )
Ok, one module loaded.
2022-10-06 16:11:04.19758628
[?1h=>>> fac 10
[?1l>90
2022-10-06 16:11:09.73456952
[?1h=>>> fac (-1)
[?1l>*** Exception: negative number
CallStack (from HasCallStack):
  error, called at src/Rec.hs:23:20 in main:Rec
2022-10-06 16:11:44.828840245
[?1h=>>> :q
[?1l>Leaving GHCi.
]0;haruka@DESKTOP-LTV8VC4: ~/bprog2022[01;32mharuka@DESKTOP-LTV8VC4[00m:[01;34m~/bprog2022[00m$ git add.
git: 'add.' is not a git command. See 'git --help'.

The most similar command is
	add
]0;haruka@DESKTOP-LTV8VC4: ~/bprog2022[01;32mharuka@DESKTOP-LTV8VC4[00m:[01;34m~/bprog2022[00m$ git add .
]0;haruka@DESKTOP-LTV8VC4: ~/bprog2022[01;32mharuka@DESKTOP-LTV8VC4[00m:[01;34m~/bprog2022[00m$ git commit -m "1006"
[main ef5ebfc] 1006
 3 files changed, 153 insertions(+)
 create mode 100644 programming_session.log
 create mode 100644 src/Rec.hs
 create mode 100755 start_programming
]0;haruka@DESKTOP-LTV8VC4: ~/bprog2022[01;32mharuka@DESKTOP-LTV8VC4[00m:[01;34m~/bprog2022[00m$ git push
Enumerating objects: 8, done.
Counting objects:  12% (1/8)Counting objects:  25% (2/8)Counting objects:  37% (3/8)Counting objects:  50% (4/8)Counting objects:  62% (5/8)Counting objects:  75% (6/8)Counting objects:  87% (7/8)Counting objects: 100% (8/8)Counting objects: 100% (8/8), done.
Delta compression using up to 16 threads
Compressing objects:  16% (1/6)Compressing objects:  33% (2/6)Compressing objects:  50% (3/6)Compressing objects:  66% (4/6)Compressing objects:  83% (5/6)Compressing objects: 100% (6/6)Compressing objects: 100% (6/6), done.
Writing objects:  16% (1/6)Writing objects:  33% (2/6)Writing objects:  50% (3/6)Writing objects:  66% (4/6)Writing objects:  83% (5/6)Writing objects: 100% (6/6)Writing objects: 100% (6/6), 2.24 KiB | 764.00 KiB/s, done.
Total 6 (delta 2), reused 0 (delta 0)
remote: Resolving deltas:   0% (0/2)[Kremote: Resolving deltas:  50% (1/2)[Kremote: Resolving deltas: 100% (2/2)[Kremote: Resolving deltas: 100% (2/2), completed with 2 local objects.[K
To github.com:harukagithub1152/bprog2022.git
   775222f..ef5ebfc  main -> main
]0;haruka@DESKTOP-LTV8VC4: ~/bprog2022[01;32mharuka@DESKTOP-LTV8VC4[00m:[01;34m~/bprog2022[00m$ Script started on 2022-10-13 15:09:38+09:00 [TERM="xterm-256color" TTY="/dev/pts/3" COLUMNS="149" LINES="13"]
]0;haruka@DESKTOP-LTV8VC4: ~/bprog2022[01;32mharuka@DESKTOP-LTV8VC4[00m:[01;34m~/bprog2022[00m$ lghci src [K/Rec.hs
GHCi, version 9.0.2: https://www.haskell.org/ghc/  :? for help
Loaded GHCi configuration from /home/haruka/bprog2022/.ghci
[1 of 1] Compiling Rec              ( src/Rec.hs, interpreted )

[;1msrc/Rec.hs:37:17: [;1m[31merror:[0m[0m[;1m[0m[0m[;1m
    • Couldn't match expected type: [a] -> [a]
                  with actual type: [a]
    • The function ‘msort’ is applied to two value arguments,
        but its type ‘[a] -> [a]’ has only one
      In the expression: (msort ys) (msort zs)
      In a case alternative: (ys, zs) -> (msort ys) (msort zs)
    • Relevant bindings include
        zs :: [a] (bound at src/Rec.hs:37:10)
        ys :: [a] (bound at src/Rec.hs:37:6)
        xs :: [a] (bound at src/Rec.hs:36:7)
        msort :: [a] -> [a] (bound at src/Rec.hs:34:1)[0m[0m
[;1m[34m   |[0m[0m
[;1m[34m37 |[0m[0m     (ys, zs) -> [;1m[31m(msort ys) (msort zs)[0m[0m
[;1m[34m   |[0m[0m[;1m[31m                 ^^^^^^^^^^^^^^^^^^^^^[0m[0m
Failed, no modules loaded.
2022-10-13 15:10:00.951662078
[?1h=>>> :r
[?1l>[1 of 1] Compiling Rec              ( src/Rec.hs, interpreted )
Ok, one module loaded.
2022-10-13 15:10:52.750630878
[?1h=>>> :r
[?1l>[1 of 1] Compiling Rec              ( src/Rec.hs, interpreted )
Ok, one module loaded.
2022-10-13 15:11:41.738123038
[?1h=>>> :r
[?1l>[1 of 1] Compiling Rec              ( src/Rec.hs, interpreted )
Ok, one module loaded.
2022-10-13 15:12:18.418251351
[?1h=>>> sorttesut[K[Kt
[?1l>[3,1,4,1,5,9,2,6,5,3,5,8,9]
2022-10-13 15:12:32.907419167
[?1h=>>> msort sorttest
[?1l>[1,1,2,3,3,4,5,5,5,6,8,9,9]
2022-10-13 15:13:46.142332607
[?1h=>>> :r
[?1l>[1 of 1] Compiling Rec              ( src/Rec.hs, interpreted )
Ok, one module loaded.
2022-10-13 15:50:04.013122978
[?1h=>>> twiv[Kce inc 0
[?1l>2
2022-10-13 15:50:40.128236018
[?1h=>>> twice twiice [K[K[K[Kce inc 0
[?1l>4
2022-10-13 15:52:13.778146538
[?1h=>>> twicw[Ke twice twice inc 0
[?1l>16
2022-10-13 15:53:20.385476058
[?1h=>>> twice twice twice twice inc 0
[?1l>65536
2022-10-13 15:55:46.176944891
[?1h=>>> twice twice twice twice inc 0[K[K[K[K[Ktwice inc 0
[?1l>*** Exception: stack overflow
2022-10-13 15:59:14.249995161
[?1h=>>> :r
[?1l>[1 of 1] Compiling Rec              ( src/Rec.hs, interpreted )
Ok, one module loaded.
2022-10-13 16:06:00.339271282
[?1h=>>> map inc e[Ksorttest[K[K[K[K[K[K[K[K[K[K[K[K[K[K[K[Ksample
[?1l>
[;1m<interactive>:13:1: [;1m[31merror:[0m[0m[;1m[0m[0m[;1m Variable not in scope: sample[0m[0m
2022-10-13 16:06:55.039578363
[?1h=>>> :r
[?1l>[1 of 1] Compiling Rec              ( src/Rec.hs, interpreted )
Ok, one module loaded.
2022-10-13 16:06:59.933048014
[?1h=>>> sample
[?1l>[3,1,4,1,5,9,2,6,5,3,5,8,9]
2022-10-13 16:07:03.698643163
[?1h=>>> map o[Kinc sample
[?1l>[4,2,5,2,6,10,3,7,6,4,6,9,10]
2022-10-13 16:07:12.799941119
[?1h=>>> :q
[?1l>Leaving GHCi.
]0;haruka@DESKTOP-LTV8VC4: ~/bprog2022[01;32mharuka@DESKTOP-LTV8VC4[00m:[01;34m~/bprog2022[00m$ git ddd[K[K[Kadd .
]0;haruka@DESKTOP-LTV8VC4: ~/bprog2022[01;32mharuka@DESKTOP-LTV8VC4[00m:[01;34m~/bprog2022[00m$ git commit -m "update"
[main 196bc15] update
 2 files changed, 126 insertions(+), 1 deletion(-)
]0;haruka@DESKTOP-LTV8VC4: ~/bprog2022[01;32mharuka@DESKTOP-LTV8VC4[00m:[01;34m~/bprog2022[00m$ git push
Enumerating objects: 9, done.
Counting objects:  11% (1/9)Counting objects:  22% (2/9)Counting objects:  33% (3/9)Counting objects:  44% (4/9)Counting objects:  55% (5/9)Counting objects:  66% (6/9)Counting objects:  77% (7/9)Counting objects:  88% (8/9)Counting objects: 100% (9/9)Counting objects: 100% (9/9), done.
Delta compression using up to 16 threads
Compressing objects:  20% (1/5)Compressing objects:  40% (2/5)Compressing objects:  60% (3/5)Compressing objects:  80% (4/5)Compressing objects: 100% (5/5)Compressing objects: 100% (5/5), done.
Writing objects:  20% (1/5)Writing objects:  40% (2/5)Writing objects:  60% (3/5)Writing objects:  80% (4/5)Writing objects: 100% (5/5)Writing objects: 100% (5/5), 2.12 KiB | 722.00 KiB/s, done.
Total 5 (delta 3), reused 0 (delta 0)
remote: Resolving deltas:   0% (0/3)[Kremote: Resolving deltas:  33% (1/3)[Kremote: Resolving deltas:  66% (2/3)[Kremote: Resolving deltas: 100% (3/3)[Kremote: Resolving deltas: 100% (3/3), completed with 3 local objects.[K
To github.com:harukagithub1152/bprog2022.git
   ef5ebfc..196bc15  main -> main
]0;haruka@DESKTOP-LTV8VC4: ~/bprog2022[01;32mharuka@DESKTOP-LTV8VC4[00m:[01;34m~/bprog2022[00m$ git dd [K[K[Kadd .
]0;haruka@DESKTOP-LTV8VC4: ~/bprog2022[01;32mharuka@DESKTOP-LTV8VC4[00m:[01;34m~/bprog2022[00m$ git commit -m "10132[K"
[main e9dfaa2] 1013
 1 file changed, 14 insertions(+)
]0;haruka@DESKTOP-LTV8VC4: ~/bprog2022[01;32mharuka@DESKTOP-LTV8VC4[00m:[01;34m~/bprog2022[00m$ git push
Enumerating objects: 5, done.
Counting objects:  20% (1/5)Counting objects:  40% (2/5)Counting objects:  60% (3/5)Counting objects:  80% (4/5)Counting objects: 100% (5/5)Counting objects: 100% (5/5), done.
Delta compression using up to 16 threads
Compressing objects:  33% (1/3)Compressing objects:  66% (2/3)Compressing objects: 100% (3/3)Compressing objects: 100% (3/3), done.
Writing objects:  33% (1/3)Writing objects:  66% (2/3)Writing objects: 100% (3/3)Writing objects: 100% (3/3), 657 bytes | 657.00 KiB/s, done.
Total 3 (delta 2), reused 0 (delta 0)
remote: Resolving deltas:   0% (0/2)[Kremote: Resolving deltas:  50% (1/2)[Kremote: Resolving deltas: 100% (2/2)[Kremote: Resolving deltas: 100% (2/2), completed with 2 local objects.[K
To github.com:harukagithub1152/bprog2022.git
   196bc15..e9dfaa2  main -> main
]0;haruka@DESKTOP-LTV8VC4: ~/bprog2022[01;32mharuka@DESKTOP-LTV8VC4[00m:[01;34m~/bprog2022[00m$ Script started on 2022-10-27 16:01:09+09:00 [TERM="xterm-256color" TTY="/dev/pts/3" COLUMNS="159" LINES="15"]
]0;haruka@DESKTOP-LTV8VC4: ~/bprog2022[01;32mharuka@DESKTOP-LTV8VC4[00m:[01;34m~/bprog2022[00m$ stack exec -- doctest src [K/ [KHOF.hs
Examples: 1  Tried: 0  Errors: 0  Failures: 0src/HOF.hs:8: failure in expression `bin2int [1,0,1,1]'
expected: 15
 but got: 13
           ^

Examples: 1  Tried: 1  Errors: 0  Failures: 1
]0;haruka@DESKTOP-LTV8VC4: ~/bprog2022[01;32mharuka@DESKTOP-LTV8VC4[00m:[01;34m~/bprog2022[00m$ sa[Ktack install [K[K[K[K[K[K[K[K[K[K[K[K[K[Ksat[K[K[Kstack install doctest
[0mCopying from /home/haruka/.stack/snapshots/x86_64-linux-tinfo6/5bbd455e437e1d3764ab86da4dcae571f3aed33f8ff6ce33676b830c11fd1bff/9.0.2/bin/doctest to /home/haruka/.local/bin/doctest[0m
[0m[0m
[0mCopied executables to /home/haruka/.local/bin:[0m
[0m- doctest[0m
]0;haruka@DESKTOP-LTV8VC4: ~/bprog2022[01;32mharuka@DESKTOP-LTV8VC4[00m:[01;34m~/bprog2022[00m$ doc [Ktest src?[K/HOF.hs
Examples: 1  Tried: 0  Errors: 0  Failures: 0src/HOF.hs:8: failure in expression `bin2int [1,0,1,1]'
expected: 15
 but got: 13
           ^

Examples: 1  Tried: 1  Errors: 0  Failures: 1
]0;haruka@DESKTOP-LTV8VC4: ~/bprog2022[01;32mharuka@DESKTOP-LTV8VC4[00m:[01;34m~/bprog2022[00m$ doctest src/HOF.hs
Examples: 1  Tried: 0  Errors: 0  Failures: 0Examples: 1  Tried: 1  Errors: 0  Failures: 0
]0;haruka@DESKTOP-LTV8VC4: ~/bprog2022[01;32mharuka@DESKTOP-LTV8VC4[00m:[01;34m~/bprog2022[00m$ git add .
]0;haruka@DESKTOP-LTV8VC4: ~/bprog2022[01;32mharuka@DESKTOP-LTV8VC4[00m:[01;34m~/bprog2022[00m$ git commit "1027"[C "1027"- "1027"m "1027"[C[C[C[C[C[C[C
[main 5beef76] 1027
 2 files changed, 53 insertions(+)
 create mode 100644 src/HOF.hs
]0;haruka@DESKTOP-LTV8VC4: ~/bprog2022[01;32mharuka@DESKTOP-LTV8VC4[00m:[01;34m~/bprog2022[00m$ git push
Enumerating objects: 8, done.
Counting objects:  12% (1/8)Counting objects:  25% (2/8)Counting objects:  37% (3/8)Counting objects:  50% (4/8)Counting objects:  62% (5/8)Counting objects:  75% (6/8)Counting objects:  87% (7/8)Counting objects: 100% (8/8)Counting objects: 100% (8/8), done.
Delta compression using up to 16 threads
Compressing objects:  20% (1/5)Compressing objects:  40% (2/5)Compressing objects:  60% (3/5)Compressing objects:  80% (4/5)Compressing objects: 100% (5/5)Compressing objects: 100% (5/5), done.
Writing objects:  20% (1/5)Writing objects:  40% (2/5)Writing objects:  60% (3/5)Writing objects:  80% (4/5)Writing objects: 100% (5/5)Writing objects: 100% (5/5), 1.20 KiB | 409.00 KiB/s, done.
Total 5 (delta 3), reused 0 (delta 0)
remote: Resolving deltas:   0% (0/3)[Kremote: Resolving deltas:  33% (1/3)[Kremote: Resolving deltas:  66% (2/3)[Kremote: Resolving deltas: 100% (3/3)[Kremote: Resolving deltas: 100% (3/3), completed with 3 local objects.[K
To github.com:harukagithub1152/bprog2022.git
   e9dfaa2..5beef76  main -> main
]0;haruka@DESKTOP-LTV8VC4: ~/bprog2022[01;32mharuka@DESKTOP-LTV8VC4[00m:[01;34m~/bprog2022[00m$ Script started on 2022-11-10 15:52:15+09:00 [TERM="xterm-256color" TTY="/dev/pts/3" COLUMNS="159" LINES="15"]
]0;haruka@DESKTOP-LTV8VC4: ~/bprog2022[01;32mharuka@DESKTOP-LTV8VC4[00m:[01;34m~/bprog2022[00m$ lghixi[K[K[Kci
GHCi, version 9.0.2: https://www.haskell.org/ghc/  :? for help
Loaded GHCi configuration from /home/haruka/bprog2022/.ghci
2022-11-10 15:52:24.374203315
[?1h=>>> :l
[?1l>Ok, no modules loaded.
2022-11-10 15:52:29.741202313
[?1h=>>> :l src/HOF .hs.hs[K[3D
[?1l>[1 of 1] Compiling HOF              ( src/HOF.hs, interpreted )
Ok, one module loaded.
2022-11-10 15:52:55.118110204
[?1h=>>> :q
[?1l>Leaving GHCi.
]0;haruka@DESKTOP-LTV8VC4: ~/bprog2022[01;32mharuka@DESKTOP-LTV8VC4[00m:[01;34m~/bprog2022[00m$ stack [K[K[K[K[K[Kwhich doctest
/home/haruka/.local/bin/doctest
]0;haruka@DESKTOP-LTV8VC4: ~/bprog2022[01;32mharuka@DESKTOP-LTV8VC4[00m:[01;34m~/bprog2022[00m$ doctest src/HOF.hs
Examples: 1  Tried: 0  Errors: 0  Failures: 0Examples: 1  Tried: 1  Errors: 0  Failures: 0
]0;haruka@DESKTOP-LTV8VC4: ~/bprog2022[01;32mharuka@DESKTOP-LTV8VC4[00m:[01;34m~/bprog2022[00m$ Script started on 2022-11-17 15:21:46+09:00 [TERM="xterm-256color" TTY="/dev/pts/3" COLUMNS="149" LINES="15"]
]0;haruka@DESKTOP-LTV8VC4: ~/bprog2022[01;32mharuka@DESKTOP-LTV8VC4[00m:[01;34m~/bprog2022[00m$ lghci [K
GHCi, version 9.0.2: https://www.haskell.org/ghc/  :? for help
Loaded GHCi configuration from /home/haruka/bprog2022/.ghci
2022-11-17 15:22:03.324823761
[?1h=>>> :r /l[K[K[K[Kl src?/?[K[K[K/HOF.hs
[?1l>[1 of 1] Compiling HOF              ( src/HOF.hs, interpreted )

[;1msrc/HOF.hs:27:1: [;1m[31merror:[0m[0m[;1m[0m[0m[;1m
    The type signature for ‘bit2int’ lacks an accompanying binding
      Perhaps you meant ‘bin2int’ (Defined at src/HOF.hs:28:1)[0m[0m
[;1m[34m   |[0m[0m
[;1m[34m27 |[0m[0m [;1m[31mbit2int[0m[0m :: [Bit] -> Int
[;1m[34m   |[0m[0m[;1m[31m ^^^^^^^[0m[0m
Failed, no modules loaded.
2022-11-17 15:22:27.701255319
[?1h=>>> :l src/HOF.hs
[?1l>[1 of 1] Compiling HOF              ( src/HOF.hs, interpreted )
Ok, one module loaded.
2022-11-17 15:22:55.690453681
[?1h=>>> bit2int [1,0,1,1,0,0,0,0] [K
[?1l>
[;1m<interactive>:3:1: [;1m[31merror:[0m[0m[;1m[0m[0m[;1m
    • Variable not in scope: bit2int :: [a0] -> t
    • Perhaps you meant ‘bin2int’ (line 28)[0m[0m
2022-11-17 15:23:24.289000303
[?1h=>>> :r
[?1l>Ok, one module loaded.
2022-11-17 15:23:41.176726015
[?1h=>>> bit2int [1,0,1,1,0,0,0,0] 
[?1l>
[;1m<interactive>:5:1: [;1m[31merror:[0m[0m[;1m[0m[0m[;1m
    • Variable not in scope: bit2int :: [a0] -> t
    • Perhaps you meant ‘bin2int’ (line 28)[0m[0m
2022-11-17 15:23:45.308760828
[?1h=>>> bin2int [1,0,1,1,0,0,0,0]
[?1l>13
2022-11-17 15:24:05.153228498
[?1h=>>> :q
[?1l>Leaving GHCi.
]0;haruka@DESKTOP-LTV8VC4: ~/bprog2022[01;32mharuka@DESKTOP-LTV8VC4[00m:[01;34m~/bprog2022[00m$ stack exec -- doctest src/HOF.hs
Examples: 2  Tried: 0  Errors: 0  Failures: 0Examples: 2  Tried: 1  Errors: 0  Failures: 0src/HOF.hs:25: failure in expression `bin2int [1,0,1,1,0,0,0,0]'
expected: 
 but got: 13
          ^

Examples: 2  Tried: 2  Errors: 0  Failures: 1
]0;haruka@DESKTOP-LTV8VC4: ~/bprog2022[01;32mharuka@DESKTOP-LTV8VC4[00m:[01;34m~/bprog2022[00m$ stack exec -- doctest src/HOF.hs
Examples: 1  Tried: 0  Errors: 0  Failures: 0src/HOF.hs:21: failure in expression `bin2int [1,0,1,1,0,0,0,0]'
expected: 
 but got: 13
          ^

Examples: 1  Tried: 1  Errors: 0  Failures: 1
]0;haruka@DESKTOP-LTV8VC4: ~/bprog2022[01;32mharuka@DESKTOP-LTV8VC4[00m:[01;34m~/bprog2022[00m$ stack exec -- doctest src/HOF.hs
Examples: 1  Tried: 0  Errors: 0  Failures: 0Examples: 1  Tried: 1  Errors: 0  Failures: 0
]0;haruka@DESKTOP-LTV8VC4: ~/bprog2022[01;32mharuka@DESKTOP-LTV8VC4[00m:[01;34m~/bprog2022[00m$ stack exec -- doctest src/HOF.hs
Examples: 2  Tried: 0  Errors: 0  Failures: 0Examples: 2  Tried: 1  Errors: 0  Failures: 0Examples: 2  Tried: 2  Errors: 0  Failures: 0
]0;haruka@DESKTOP-LTV8VC4: ~/bprog2022[01;32mharuka@DESKTOP-LTV8VC4[00m:[01;34m~/bprog2022[00m$ lghci
GHCi, version 9.0.2: https://www.haskell.org/ghc/  :? for help
Loaded GHCi configuration from /home/haruka/bprog2022/.ghci
2022-11-17 15:37:42.229076704
[?1h=>>> :l src/HOF.hs
[?1l>[1 of 1] Compiling HOF              ( src/HOF.hs, interpreted )
Ok, one module loaded.
2022-11-17 15:37:56.033838808
[?1h=>>> int2bin 13
[?1l>[1,0,1,1]
2022-11-17 15:38:04.491192035
[?1h=>>> :r
[?1l>[1 of 1] Compiling HOF              ( src/HOF.hs, interpreted )
Ok, one module loaded.
2022-11-17 15:45:55.367653169
[?1h=>>> make8 [K[K[K[K[K[Kint2bim[Kn 13
[?1l>[1,0,1,1]
2022-11-17 15:46:20.178665339
[?1h=>>> it
[?1l>[1,0,1,1]
2022-11-17 15:46:46.851927472
[?1h=>>> make8 it
[?1l>[1,0,1,1,0,0,0,0]
2022-11-17 15:47:33.338740829
[?1h=>>> :r
[?1l>[1 of 1] Compiling HOF              ( src/HOF.hs, interpreted )
Ok, one module loaded.
2022-11-17 15:53:33.188081534
[?1h=>>> :q
[?1l>Leaving GHCi.
]0;haruka@DESKTOP-LTV8VC4: ~/bprog2022[01;32mharuka@DESKTOP-LTV8VC4[00m:[01;34m~/bprog2022[00m$ lghci[K[K[K[K[Kstack exec -- doctest src/HOF.hs
Examples: 3  Tried: 0  Errors: 0  Failures: 0Examples: 3  Tried: 1  Errors: 0  Failures: 0Examples: 3  Tried: 2  Errors: 0  Failures: 0Examples: 3  Tried: 3  Errors: 0  Failures: 0
]0;haruka@DESKTOP-LTV8VC4: ~/bprog2022[01;32mharuka@DESKTOP-LTV8VC4[00m:[01;34m~/bprog2022[00m$ :r[K[Klghci
GHCi, version 9.0.2: https://www.haskell.org/ghc/  :? for help
Loaded GHCi configuration from /home/haruka/bprog2022/.ghci
2022-11-17 16:03:53.132747617
[?1h=>>> :l src/HOf[KF.hs
[?1l>[1 of 1] Compiling HOF              ( src/HOF.hs, interpreted )
Ok, one module loaded.
2022-11-17 16:04:05.673781736
[?1h=>>> encode ""a"b"c"
[?1l>[1,0,0,0,0,1,1,0,0,1,0,0,0,1,1,0,1,1,0,0,0,1,1,0]
2022-11-17 16:04:15.137436379
[?1h=>>> ord ''a'
[?1l>97
2022-11-17 16:05:07.892651457
[?1h=>>> bin2int [1,0,0,0,0,1,1,0]
[?1l>97
2022-11-17 16:05:52.366702148
[?1h=>>> ord ''c'
[?1l>99
2022-11-17 16:06:45.494751519
[?1h=>>> :r
[?1l>[1 of 1] Compiling HOF              ( src/HOF.hs, interpreted )

[;1msrc/HOF.hs:48:11: [;1m[31merror:[0m[0m[;1m[0m[0m[;1m
    • Couldn't match type ‘[Char]’ with ‘Int’
      Expected: [Bit] -> Int
        Actual: [Bit] -> [Char]
    • In the expression: map (chr . bin2int) . chop8
      In an equation for ‘decode’: decode = map (chr . bin2int) . chop8[0m[0m
[;1m[34m   |[0m[0m
[;1m[34m48 |[0m[0m decode =  [;1m[31mmap (chr . bin2int) . chop8[0m[0m
[;1m[34m   |[0m[0m[;1m[31m           ^^^^^^^^^^^^^^^^^^^^^^^^^^^[0m[0m
Failed, no modules loaded.
2022-11-17 16:11:32.231031346
[?1h=>>> :r
[?1l>[1 of 1] Compiling HOF              ( src/HOF.hs, interpreted )

[;1msrc/HOF.hs:48:16: [;1m[31merror:[0m[0m[;1m[0m[0m[;1m
    • Variable not in scope: char :: Int -> b0
    • Perhaps you meant ‘chr’ (imported from Data.Char)[0m[0m
[;1m[34m   |[0m[0m
[;1m[34m48 |[0m[0m decode =  map ([;1m[31mchar[0m[0m . bin2int) . chop8
[;1m[34m   |[0m[0m[;1m[31m                ^^^^[0m[0m
Failed, no modules loaded.
2022-11-17 16:12:08.175274707
[?1h=>>> :r
[?1l>[1 of 1] Compiling HOF              ( src/HOF.hs, interpreted )
Ok, one module loaded.
2022-11-17 16:12:43.192416595
[?1h=>>> encode ""a"b"c"
[?1l>[1,0,0,0,0,1,1,0,0,1,0,0,0,1,1,0,1,1,0,0,0,1,1,0]
2022-11-17 16:13:07.107124244
[?1h=>>> decode it
[?1l>"abc"
2022-11-17 16:13:12.099531666
[?1h=>>> :q
[?1l>Leaving GHCi.
]0;haruka@DESKTOP-LTV8VC4: ~/bprog2022[01;32mharuka@DESKTOP-LTV8VC4[00m:[01;34m~/bprog2022[00m$ git add .
]0;haruka@DESKTOP-LTV8VC4: ~/bprog2022[01;32mharuka@DESKTOP-LTV8VC4[00m:[01;34m~/bprog2022[00m$ git commit -m ""1"1"1"7"
[main e05aeb1] 1117
 2 files changed, 221 insertions(+), 6 deletions(-)
]0;haruka@DESKTOP-LTV8VC4: ~/bprog2022[01;32mharuka@DESKTOP-LTV8VC4[00m:[01;34m~/bprog2022[00m$ git push
Enumerating objects: 9, done.
Counting objects:  11% (1/9)Counting objects:  22% (2/9)Counting objects:  33% (3/9)Counting objects:  44% (4/9)Counting objects:  55% (5/9)Counting objects:  66% (6/9)Counting objects:  77% (7/9)Counting objects:  88% (8/9)Counting objects: 100% (9/9)Counting objects: 100% (9/9), done.
Delta compression using up to 16 threads
Compressing objects:  20% (1/5)Compressing objects:  40% (2/5)Compressing objects:  60% (3/5)Compressing objects:  80% (4/5)Compressing objects: 100% (5/5)Compressing objects: 100% (5/5), done.
Writing objects:  20% (1/5)Writing objects:  40% (2/5)Writing objects:  60% (3/5)Writing objects:  80% (4/5)Writing objects: 100% (5/5)Writing objects: 100% (5/5), 2.25 KiB | 577.00 KiB/s, done.
Total 5 (delta 3), reused 0 (delta 0)
remote: Resolving deltas:   0% (0/3)[Kremote: Resolving deltas:  33% (1/3)[Kremote: Resolving deltas:  66% (2/3)[Kremote: Resolving deltas: 100% (3/3)[Kremote: Resolving deltas: 100% (3/3), completed with 3 local objects.[K
To github.com:harukagithub1152/bprog2022.git
   5beef76..e05aeb1  main -> main
]0;haruka@DESKTOP-LTV8VC4: ~/bprog2022[01;32mharuka@DESKTOP-LTV8VC4[00m:[01;34m~/bprog2022[00m$ Script started on 2022-11-24 14:51:03+09:00 [TERM="xterm-256color" TTY="/dev/pts/3" COLUMNS="149" LINES="15"]
]0;haruka@DESKTOP-LTV8VC4: ~/bprog2022[01;32mharuka@DESKTOP-LTV8VC4[00m:[01;34m~/bprog2022[00m$ lghci
GHCi, version 9.0.2: https://www.haskell.org/ghc/  :? for help
Loaded GHCi configuration from /home/haruka/bprog2022/.ghci
2022-11-24 14:51:07.796532561
[?1h=>>> :l src/HOF.hs
[?1l>[1 of 1] Compiling HOF              ( src/HOF.hs, interpreted )
Ok, one module loaded.
2022-11-24 14:51:23.627416955
[?1h=>>> encode ""H"a"s"k"e"l"l"
[?1l>[0,0,0,1,0,0,1,0,1,0,0,0,0,1,1,0,1,1,0,0,1,1,1,0,1,1,0,1,0,1,1,0,1,0,1,0,0,1,1,0,0,0,1,1,0,1,1,0,0,0,1,1,0,1,1,0]
2022-11-24 14:51:40.137023918
[?1h=>>> decode """[K"[K"[K[C[Ke it
[?1l>"Haskell"
2022-11-24 14:51:55.845435359
[?1h=>>> :i IO String
[?1l>type IO :: * -> *
newtype IO a
  = GHC.Types.IO (GHC.Prim.State# GHC.Prim.RealWorld
                  -> (# GHC.Prim.State# GHC.Prim.RealWorld, a #))
  	-- Defined in ‘GHC.Types’
instance Applicative IO -- Defined in ‘GHC.Base’
instance Functor IO -- Defined in ‘GHC.Base’
instance Monad IO -- Defined in ‘GHC.Base’
instance Monoid a => Monoid (IO a) -- Defined in ‘GHC.Base’
instance Semigroup a => Semigroup (IO a) -- Defined in ‘GHC.Base’
instance MonadFail IO -- Defined in ‘Control.Monad.Fail’
type String :: *
type String = [Char]
  	-- Defined in ‘GHC.Base’
2022-11-24 15:19:27.979141107
[?1h=>>> :i Handole][K
[?1l>
[;1m<interactive>:1:1: [;1m[31merror:[0m[0m[;1m[0m[0m[;1m Not in scope: ‘Handole’[0m[0m
2022-11-24 15:20:24.680063186
[?1h=>>> import System.IO
[?1l>2022-11-24 15:20:38.501748173
[?1h=>>> :i IO
[?1l>type IO :: * -> *
newtype IO a
  = GHC.Types.IO (GHC.Prim.State# GHC.Prim.RealWorld
                  -> (# GHC.Prim.State# GHC.Prim.RealWorld, a #))
  	-- Defined in ‘GHC.Types’
instance Applicative IO -- Defined in ‘GHC.Base’
instance Functor IO -- Defined in ‘GHC.Base’
instance Monad IO -- Defined in ‘GHC.Base’
instance Monoid a => Monoid (IO a) -- Defined in ‘GHC.Base’
instance Semigroup a => Semigroup (IO a) -- Defined in ‘GHC.Base’
instance MonadFail IO -- Defined in ‘Control.Monad.Fail’
2022-11-24 15:20:56.696708875
[?1h=>>> 
[?1l>2022-11-24 15:20:56.728689054
[?1h=>>> :i IO[K[K[K[K[KTrue == False
[?1l>False
2022-11-24 15:37:48.946614356
[?1h=>>> True < False
[?1l>False
2022-11-24 15:38:00.082529747
[?1h=>>> True > Flse
[?1l>
[;1m<interactive>:11:8: [;1m[31merror:[0m[0m[;1m[0m[0m[;1m
    • Data constructor not in scope: Flse :: Bool
    • Perhaps you meant ‘False’ (imported from Prelude)[0m[0m
2022-11-24 15:38:09.254048301
[?1h=>>> :r
[?1l>[1 of 1] Compiling HOF              ( src/HOF.hs, interpreted )
Ok, one module loaded.
2022-11-24 15:59:17.19667887
[?1h=>>> sore[Ky[Kt votes
[?1l>
[;1m<interactive>:13:1: [;1m[31merror:[0m[0m[;1m[0m[0m[;1m
    • Variable not in scope: sort :: [String] -> t
    • Perhaps you meant ‘sqrt’ (imported from Prelude)[0m[0m
2022-11-24 15:59:30.286571113
[?1h=>>> :r
[?1l>[1 of 1] Compiling HOF              ( src/HOF.hs, interpreted )
Ok, one module loaded.
2022-11-24 15:59:49.153897602
[?1h=>>> sort votes
[?1l>["Blue","Blue","Blue","Green","Red","Red"]
2022-11-24 15:59:59.867301054
[?1h=>>> group it
[?1l>[["Blue","Blue","Blue"],["Green"],["Red","Red"]]
2022-11-24 16:00:06.984994157
[?1h=>>> map head it
[?1l>["Blue","Green","Red"]
2022-11-24 16:00:51.4995031
[?1h=>>> sort votes [C[C[C[C[C[C[C[C[C[C[C[K[K[K[K[K[K[K[K[K[K[Khoge = sote[K[Krt[K[K[K[Kmap ((,) <*> length) . sort [K[K[K[K[Kgroup . sort  <*> length) . group . sort[27D. <*> length) . group . sort[27D  <*> length) . group . sort[27Dh <*> length) . group . sort[27De <*> length) . group . sort[27Da <*> length) . group . sort[27Dd <*> length) . group . sort[27D  <*> length) . group . sort[27D <*> length) . group . sort[K[27D
[?1l>2022-11-24 16:03:29.458519969
[?1h=>>> hoge voute[K[K[Ktes
[?1l>[("Blue",3),("Green",1),("Red",2)]
2022-11-24 16:03:44.482812139
[?1h=>>> sortBy [K[K[K[K[K[K[Kimport Date[Ka.Ord
[?1l>2022-11-24 16:04:45.107957916
[?1h=>>> sortBy (flip (comparing sud)) itud)) it[K[7D[Cd)) it[K[6Dsd)) it[6Dnd)) it[6D
[?1l>[("Blue",3),("Red",2),("Green",1)]
2022-11-24 16:05:19.074722061
[?1h=>>> :q[K[K;[K:r
[?1l>[1 of 1] Compiling HOF              ( src/HOF.hs, interpreted )

[;1msrc/HOF.hs:5:1: [;1m[31merror:[0m[0m[;1m[0m[0m[;1m
    Could not find module ‘Data.Votes’
    Perhaps you meant
      Data.Bits (from base-4.15.1.0)
      Data.Void (from base-4.15.1.0)
    Use -v (or `:set -v` in ghci) to see a list of the files searched for.[0m[0m
[;1m[34m  |[0m[0m
[;1m[34m5 |[0m[0m [;1m[31mimport Data.Votes[0m[0m
[;1m[34m  |[0m[0m[;1m[31m ^^^^^^^^^^^^^^^^^[0m[0m
Failed, no modules loaded.
2022-11-24 16:15:43.179136383
[?1h=>>> :q
[?1l>Leaving GHCi.
]0;haruka@DESKTOP-LTV8VC4: ~/bprog2022[01;32mharuka@DESKTOP-LTV8VC4[00m:[01;34m~/bprog2022[00m$ git ha[K[Kadd /[K/[K.
]0;haruka@DESKTOP-LTV8VC4: ~/bprog2022[01;32mharuka@DESKTOP-LTV8VC4[00m:[01;34m~/bprog2022[00m$ git commit -m ""1"1"2"4"
[main ed8116b] 1124
 2 files changed, 139 insertions(+)
]0;haruka@DESKTOP-LTV8VC4: ~/bprog2022[01;32mharuka@DESKTOP-LTV8VC4[00m:[01;34m~/bprog2022[00m$ git ush
git: 'ush' is not a git command. See 'git --help'.

The most similar command is
	push
]0;haruka@DESKTOP-LTV8VC4: ~/bprog2022[01;32mharuka@DESKTOP-LTV8VC4[00m:[01;34m~/bprog2022[00m$ git push
Enumerating objects: 9, done.
Counting objects:  11% (1/9)Counting objects:  22% (2/9)Counting objects:  33% (3/9)Counting objects:  44% (4/9)Counting objects:  55% (5/9)Counting objects:  66% (6/9)Counting objects:  77% (7/9)Counting objects:  88% (8/9)Counting objects: 100% (9/9)Counting objects: 100% (9/9), done.
Delta compression using up to 16 threads
Compressing objects:  20% (1/5)Compressing objects:  40% (2/5)Compressing objects:  60% (3/5)Compressing objects:  80% (4/5)Compressing objects: 100% (5/5)Compressing objects: 100% (5/5), done.
Writing objects:  20% (1/5)Writing objects:  40% (2/5)Writing objects:  60% (3/5)Writing objects:  80% (4/5)Writing objects: 100% (5/5)Writing objects: 100% (5/5), 2.08 KiB | 711.00 KiB/s, done.
Total 5 (delta 4), reused 0 (delta 0)
remote: Resolving deltas:   0% (0/4)[Kremote: Resolving deltas:  25% (1/4)[Kremote: Resolving deltas:  50% (2/4)[Kremote: Resolving deltas:  75% (3/4)[Kremote: Resolving deltas: 100% (4/4)[Kremote: Resolving deltas: 100% (4/4), completed with 4 local objects.[K
To github.com:harukagithub1152/bprog2022.git
   e05aeb1..ed8116b  main -> main
]0;haruka@DESKTOP-LTV8VC4: ~/bprog2022[01;32mharuka@DESKTOP-LTV8VC4[00m:[01;34m~/bprog2022[00m$ Script started on 2023-01-12 15:39:40+09:00 [TERM="xterm-256color" TTY="/dev/pts/3" COLUMNS="53" LINES="15"]
]0;haruka@DESKTOP-LTV8VC4: ~/bprog2022[01;32mharuka@DESKTOP-LTV8VC4[00m:[01;34m~/bprog2022[00m$ ghci

Command 'ghci' not found, but can be installed with:

sudo apt install ghc

]0;haruka@DESKTOP-LTV8VC4: ~/bprog2022[01;32mharuka@DESKTOP-LTV8VC4[00m:[01;34m~/bprog2022[00m$ lghci
GHCi, version 9.0.2: https://www.haskell.org/ghc/  :? for help
Loaded GHCi configuration from /home/haruka/bprog2022/.ghci
2023-01-12 15:40:00.02493373
[?1h=>>> :l src?[K/[K[K[K[K[K[K[K>>> :r
[?1l>Ok, no modules loaded.
2023-01-12 16:04:18.753424843
[?1h=>>> value (ADD[K[Kdd (a[KS[K[K(Add (Val 2) (Val 4[K3)) (Val 4))
[?1l>
[;1m<interactive>:2:1: [;1m[31merror:[0m[0m[;1m[0m[0m[;1m Variable not in scope: value :: t7 -> t[0m[0m

[;1m<interactive>:2:8: [;1m[31merror:[0m[0m[;1m[0m[0m[;1m
    • Data constructor not in scope: Add :: t5 -> t6 -> t7
    • Perhaps you meant variable ‘odd’ (imported from Prelude)[0m[0m

[;1m<interactive>:2:13: [;1m[31merror:[0m[0m[;1m[0m[0m[;1m
    • Data constructor not in scope: Add :: t3 -> t4 -> t5
    • Perhaps you meant variable ‘odd’ (imported from Prelude)[0m[0m

[;1m<interactive>:2:18: [;1m[31merror:[0m[0m[;1m[0m[0m[;1m
    Data constructor not in scope: Val :: t2 -> t3[0m[0m

[;1m<interactive>:2:26: [;1m[31merror:[0m[0m[;1m[0m[0m[;1m
    Data constructor not in scope: Val :: t1 -> t4[0m[0m

[;1m<interactive>:2:35: [;1m[31merror:[0m[0m[;1m[0m[0m[;1m
    Data constructor not in scope: Val :: t0 -> t6[0m[0m
2023-01-12 16:05:16.830509212
[?1h=>>> :r
[?1l>Ok, no modules loaded.
2023-01-12 16:14:23.648661829
[?1h=>>> value sample
[?1l>
[;1m<interactive>:4:1: [;1m[31merror:[0m[0m[;1m[0m[0m[;1m Variable not in scope: value :: t0 -> t[0m[0m

[;1m<interactive>:4:7: [;1m[31merror:[0m[0m[;1m[0m[0m[;1m Variable not in scope: sample[0m[0m
2023-01-12 16:14:35.52528239
[?1h=>>> >>> >>> >>> >>> >>> >>> :q
[?1l>Leaving GHCi.
]0;haruka@DESKTOP-LTV8VC4: ~/bprog2022[01;32mharuka@DESKTOP-LTV8VC4[00m:[01;34m~/bprog2022[00m$ git add .
]0;haruka@DESKTOP-LTV8VC4: ~/bprog2022[01;32mharuka@DESKTOP-LTV8VC4[00m:[01;34m~/bprog2022[00m$ git commit -m ""u"p"d"a"t"e" [A]0;haruka@DESKTOP-LTV8VC4: ~/bprog2022[01;32mharuka@DESKTOP-LTV8VC4[00m:[01;34m~/bprog2022[00m$ [C[C[C[C[C[C[C[C[C[C[C[C[C[C[C[C[C[C[C[C[C "o"[1P"0"1"1"2"
[main 83ec560] update 0112
 2 files changed, 82 insertions(+), 1 deletion(-)
 create mode 100644 src/AbstractMachine.hs
]0;haruka@DESKTOP-LTV8VC4: ~/bprog2022[01;32mharuka@DESKTOP-LTV8VC4[00m:[01;34m~/bprog2022[00m$ git pish[K[K[Kush
Enumerating objects: 8, done.
Counting objects:  12% (1/8)Counting objects:  25% (2/8)Counting objects:  37% (3/8)Counting objects:  50% (4/8)Counting objects:  62% (5/8)Counting objects:  75% (6/8)Counting objects:  87% (7/8)Counting objects: 100% (8/8)Counting objects: 100% (8/8), done.
Delta compression using up to 16 threads
Compressing objects:  20% (1/5)Compressing objects:  40% (2/5)Compressing objects:  60% (3/5)Compressing objects:  80% (4/5)Compressing objects: 100% (5/5)Compressing objects: 100% (5/5), done.
Writing objects:  20% (1/5)Writing objects:  40% (2/5)Writing objects:  60% (3/5)Writing objects:  80% (4/5)Writing objects: 100% (5/5)Writing objects: 100% (5/5), 1.14 KiB | 1.14 MiB/s, done.
Total 5 (delta 3), reused 0 (delta 0)
remote: Resolving deltas:   0% (0/3)[Kremote: Resolving deltas:  33% (1/3)[Kremote: Resolving deltas:  66% (2/3)[Kremote: Resolving deltas: 100% (3/3)[Kremote: Resolving deltas: 100% (3/3), completed with 3 local objects.[K
To github.com:harukagithub1152/bprog2022.git
   c51061e..83ec560  main -> main
]0;haruka@DESKTOP-LTV8VC4: ~/bprog2022[01;32mharuka@DESKTOP-LTV8VC4[00m:[01;34m~/bprog2022[00m$ [K]0;haruka@DESKTOP-LTV8VC4: ~/bprog2022[01;32mharuka@DESKTOP-LTV8VC4[00m:[01;34m~/bprog2022[00m$ bigin
bigin: command not found
]0;haruka@DESKTOP-LTV8VC4: ~/bprog2022[01;32mharuka@DESKTOP-LTV8VC4[00m:[01;34m~/bprog2022[00m$ kj[K[Kbegin
Script started, file is programming_session.log
Script started on 2023-01-12 16:25:03+09:00 [TERM="xterm-256color" TTY="/dev/pts/4" COLUMNS="159" LINES="10"]
]0;haruka@DESKTOP-LTV8VC4: ~/bprog2022[01;32mharuka@DESKTOP-LTV8VC4[00m:[01;34m~/bprog2022[00m$ ]0;haruka@DESKTOP-LTV8VC4: ~/bprog2022[01;32mharuka@DESKTOP-LTV8VC4[00m:[01;34m~/bprog2022[00m$ llgghhiivv[K[K[K[Kccii

GHCi, version 9.0.2: https://www.haskell.org/ghc/  :? for help
GHCi, version 9.0.2: https://www.haskell.org/ghc/  :? for help
Loaded GHCi configuratiLoaded GHCi configuration from /home/haruka/bprog2022/.ghci
on from /home/haruka/bprog2022/.ghci
2023-01-12 16:25:19.531913955
2023-01-12 16:25:19.531913955
[?1h=[?1h=>>> >>> vvaallii[K[Kuuee  ssaammppllee

[?1l>[?1l>
[;1m<interactive>:1:1: [;1m[31
[;1m<interactive>:1:1: [;1m[31merror:[0m[0m[;1mmerror:[0m[0m[;[0m[0m[;1m1m[0m[0m[;1m Variable not in scope: value :: t0 -> t[0m[0m

[;1m<interactive>:1:7: [ Variable not in scope: value :: t0 -> t[0m[0m

[;1m<interactive>:1:7: ;[;1m1m[31merror:[0m[0m[;1m[[31merror:[0m[0m[;1m[0m0m[0m[;1m[0m[;1m Variable not in scope: sample[0m[0m
 Variable not in scope: sample[0m[0m
2023-01-12 16:25:422023-01-12 16:25:42.109316227
.109316227
[?1h=[?1h=>>> >>> >>> >>> ::rr
[?1l>
[?1l>Ok, no modules Ok,loaded.
 no modules loaded.
2023-01-12 16:31:44.607275406
2023-01-12 16:31:44.607275406
[?1h=[?1h=>>> >>> vvaalluuee  ssaammppllww[K[Kee
[?1l>
[?1l>
[;1m<interactive>
[;1m<interactive>:3:1: [;1m[31merror:[0m[0m[;:3:1: [;1m[31merror:[0m[0m[;1m[0m[0m[;1m1m[0m[0m[;1m Variable not in scope: value :: t0 -> t[0m[0m

 Variable not in scope: value :: t0 -> t[0m[0m

[;1m<interacti[;1m<interactive>:ve>:3:7: 3:7: [;[1m[31m;1m[31merror:[0m[0m[error:[0m[0m[;1m[0;1m[0m[0m[;1mm[0m[;1m Variable not in scope: sample[0m[0m
 Variable not in scope: sample[0m[0m
2023-01-12 16:32:202308.984084499
-01-12 16:32:08.984084499
[?1h=[?1h=>>> >>> ::rr
[?1l>
[?1l>Ok, no modules Ok, no modules loaded.
loaded.
2023-01-12 16:32:59.483202603
2023-01-12 16:32:59.483202603
[?1h=[?1h=>>> >>> vvaalluuee  ssaammppllee

[?1l>[?1l>
[;1m<intera
[;1m<interactive>:5:1: [;1mctive>:5:1: [;1m[31merror:[0m[0m[;1m[0m[31merror:[0m[0m[0m[;1m[;1m[0m[0m[;1m Variable not in scope: value Variable not in scope: value :: t0 -> t[0m[0m

 :: t0 -> t[0m[0m

[;1m<interac[;1m<interactive>:5:7: [;1m[31merror:tive>:5:7: [;1m[31merror:[0m[0m[;1m[0m[0m[;1m[0m[0m[;1m[0m[0m[;1m Variable not in scope: sample[0m[0m
 Variable not in scope: sample[0m[0m
2023-01-12 16:33:152023-01-12 16:33:15.582625229.58262522
9
[?1h=[?1h=>>> >>> iinntteerrpp  ssaammppllee

[?1l>[?1l>
[;1m<interactive>:6:1: [;1m[31merror:[0m[0m[;1m[0m[
[;1m<interactive>:6:1: [;0m1m[31merror:[0m[0m[;1m[0m[[0m[;1m;1m Variable not in scope: interp :: t0 -> t Variable not in scope: interp :: t0 -> t[0m[0m

[;1m<in[0m[0m

te[;1m<interactive>:6:8ractive>:6:8: [;1m[31merror:[0: [;1m[0m[m[31merror:[0;1mm[0m[;1m[0m[0m[;1m[0m[0m[;1m Variable not in scope: sample[0m[0m
2023-01-12 16:33: Variable not in scope: sample[0m[0m
31.22023-01-12 16:33:3115.23115312962296
2
[?1h=[?1h=>>> >>> ::rr
[?1l>Ok, no modules loaded.
2023-01-12 16:35:25.143436773
[?1h=>>> 
[?1l>Ok, no modules loaded.
2023-01-12 16:35:25.143436773
[?1h=>>> iinntteerrpp  ssaammppllee

[?1l>[?1l>
[;1m<inter
[;1m<interactive>:8:1: [;1m[31merror:active>:8:1: [;1m[31merror:[0m[0m[;1m[[0m[0m[;1m[0m0m[0m[;1m[0m[;1m Variable not in scope: interp :: t0  Variable not in scope: interp :: -> tt0 -> t[0m[0m

[0m[0m

[;1m<[;1mintera<ctiveintera>:ctive8>:8:8: [;1m[:8: [;1m[31merror:[0m[0m[;1m[0m[0m[;1m31merror:[0m[0m[;1m[0m[0m[;1m Variable not in scope: sample[0m[0m
 Variable not in scope: sample[0m[0m
2023-01-12 16:35:33.715144406
2023-01-12 16:35:33.715144406
[?1h=[?1h=>>> >>> ::rr

[?1l>[?1l>Ok, no modules loaded.
Ok, no modules loaded.
2023-01-12 16:38:42.512932023-01-12 16:38:42.512932123
2123
[?1h=[?1h=>>> >>> vvaalluuee  ssaammppllee

[?1l>[?1l>
[;1m<interactive>:10:1: [;1m[31merror:[0m[0m[;1
[;1m<interactive>:10:1: [;1m[31merror:[0m[0m[;1m[0m[0m[;1mm[0m[0m[;1m Variable not in scope: value :: t0 -> t[0m[ Variable not in scope: value :: t0 -> t[0m[0m

[;10m

m[;1<interactm<inteivractive>:10:7e>:10: :7: [;1m[31merror:[0m[0m[;1m[0m[0m[;1m[31merror:[0m[0m[;1m[0m[[;1m0m[;1m Variable not in scope: sample[0m[0m
 Variable not in scope: sample[0m[0m
2023-01-12 16:38:50.514056382
2023-01-12 16:38:50.514056382
[?1h=[?1h=>>> >>> >>> >>> ::qq

[?1l>[?1l>Leaving GHCi.
Leaving GHCi.
]0;haruka@DESKTOP-LTV8VC4: ~/bprog2022[01;32mharuka@DESKTOP-LTV8VC4[00m:[01;34m~/bprog2022[00m$ ]0;haruka@DESKTOP-LTV8VC4: ~/bprog2022[01;32mharuka@DESKTOP-LTV8VC4[00m:[01;34m~/bprog2022[00m$ ggiitt  aadddd  //[1P/[1P/[C[C[K[K  ..

