Script started on 2022-10-06 15:08:18+09:00 [TERM="xterm-256color" TTY="/dev/pts/3" COLUMNS="159" LINES="15"]
]0;haruka@DESKTOP-LTV8VC4: ~/bprog2022[01;32mharuka@DESKTOP-LTV8VC4[00m:[01;34m~/bprog2022[00m$ lghci src?[K/Rec.hs
GHCi, version 9.0.2: https://www.haskell.org/ghc/  :? for help
Loaded GHCi configuration from /home/haruka/bprog2022/.ghci
[1 of 1] Compiling Rec              ( src/Rec.hs, interpreted )
Ok, one module loaded.
2022-10-06 15:08:54.314974138
[?1h=>>> j[Kproduct [[K[]
[?1l>1
2022-10-06 15:13:13.925692607
[?1h=>>> product [3,1,4]
[?1l>12
2022-10-06 15:14:06.260793917
[?1h=>>> :r
[?1l>[1 of 1] Compiling Rec              ( src/Rec.hs, interpreted )
Ok, one module loaded.
2022-10-06 15:14:57.020226379
[?1h=>>> product [3,1,4]
[?1l>0
2022-10-06 15:15:10.460741072
[?1h=>>> :r
[?1l>[1 of 1] Compiling Rec              ( src/Rec.hs, interpreted )
Ok, one module loaded.
2022-10-06 15:17:02.584567935
[?1h=>>> :i Num
[?1l>type Num :: * -> Constraint
class Num a where
  (+) :: a -> a -> a
  (-) :: a -> a -> a
  (*) :: a -> a -> a
  negate :: a -> a
  abs :: a -> a
  signum :: a -> a
  fromInteger :: Integer -> a
  {-# MINIMAL (+), (*), abs, signum, fromInteger, (negate | (-)) #-}
  	-- Defined in ‘GHC.Num’
instance Num NominalDiffTime
  -- Defined in ‘time-1.9.3:Data.Time.Clock.Internal.NominalDiffTime’
instance Num DiffTime
  -- Defined in ‘time-1.9.3:Data.Time.Clock.Internal.DiffTime’
instance Num Word -- Defined in ‘GHC.Num’
instance Num Integer -- Defined in ‘GHC.Num’
instance Num Int -- Defined in ‘GHC.Num’
instance Num Float -- Defined in ‘GHC.Float’
instance Num Double -- Defined in ‘GHC.Float’
2022-10-06 15:20:02.599372981
[?1h=>>> :t 3
[?1l>3 :: Num p => p
2022-10-06 15:24:35.401159344
[?1h=>>> :r
[?1l>[1 of 1] Compiling Rec              ( src/Rec.hs, interpreted )
Ok, one module loaded.
2022-10-06 15:41:40.896678905
[?1h=>>> drop 2 [3,1,4,1,5]
[?1l>[4,1,5]
2022-10-06 15:42:05.417832796
[?1h=>>> drop 10 [3,1,4,1,5]0 [3,1,4,1,5][K[13D0 [3,1,4,1,5][K[13D50 [3,1,4,1,5][13D
[?1l>
[;1m<interactive>:10:1: [;1m[31merror:[0m[0m[;1m[0m[0m[;1m
    • Variable not in scope: drop50 :: [a0] -> t
    • Perhaps you meant ‘drop’ (line 10)[0m[0m
2022-10-06 15:42:35.483769471
[?1h=>>> drop50 [3,1,4,1,5] [3,1,4,1,5][K[12D [3,1,4,1,5][K[12D  [3,1,4,1,5][12D5 [3,1,4,1,5][12D[C[C[C[C[C[C[C[C[C[C[C[C
[?1l>[]
2022-10-06 15:42:55.36869122
[?1h=>>> :r
[?1l>[1 of 1] Compiling Rec              ( src/Rec.hs, interpreted )
Ok, one module loaded.
2022-10-06 15:47:09.404888092
[?1h=>>> :r[2Ddrop 5 [3,1,4,1,5]5 [3,1,4,1,5][K[13D25 [3,1,4,1,5][13D5 [3,1,4,1,5][K[13D5 [3,1,4,1,5][K[13Dp5 [3,1,4,1,5][13D[C [3,1,4,1,5][K[12D2 [3,1,4,1,5][12D  [3,1,4,1,5][12D p2  [3,1,4,1,5][15Dp2  [3,1,4,1,5][K[15D[C 2  [3,1,4,1,5][14D
[?1l>[4,1,5]
2022-10-06 15:47:39.700573777
[?1h=>>> head []
[?1l>*** Exception: Prelude.head: empty list
2022-10-06 15:52:00.013950292
[?1h=>>> tail []
[?1l>*** Exception: Prelude.tail: empty list
2022-10-06 15:52:13.106999871
[?1h=>>> last []
[?1l>*** Exception: Prelude.last: empty list
2022-10-06 15:54:24.648160163
[?1h=>>> init []
[?1l>
[;1m<interactive>:17:1: [;1m[31merror:[0m[0m[;1m[0m[0m[;1m Variable not in scope: init :: [a0] -> t[0m[0m
2022-10-06 15:54:32.574620803
[?1h=>>> :r
[?1l>[1 of 1] Compiling Rec              ( src/Rec.hs, interpreted )
Ok, one module loaded.
2022-10-06 16:01:08.117969979
[?1h=>>> init [3,1,4,1,5]
[?1l>[3,1,4,1]
2022-10-06 16:01:17.765168745
[?1h=>>> init []
[?1l>*** Exception: karaya-
CallStack (from HasCallStack):
  error, called at src/Rec.hs:15:11 in main:Rec
2022-10-06 16:03:16.009913554
[?1h=>>> :r
[?1l>[1 of 1] Compiling Rec              ( src/Rec.hs, interpreted )

[;1msrc/Rec.hs:23:44: [;1m[31merror:[0m[0m[;1m[0m[0m[;1m
    parse error (possibly incorrect indentation or mismatched brackets)[0m[0m
[;1m[34m   |[0m[0m
[;1m[34m23 |[0m[0m      | otherwise = error "negative number"|[;1m[31m[0m[0m
[;1m[34m   |[0m[0m[;1m[31m                                            ^[0m[0m
Failed, no modules loaded.
2022-10-06 16:10:42.840207383
[?1h=>>> :r
[?1l>[1 of 1] Compiling Rec              ( src/Rec.hs, interpreted )
Ok, one module loaded.
2022-10-06 16:11:04.19758628
[?1h=>>> fac 10
[?1l>90
2022-10-06 16:11:09.73456952
[?1h=>>> fac (-1)
[?1l>*** Exception: negative number
CallStack (from HasCallStack):
  error, called at src/Rec.hs:23:20 in main:Rec
2022-10-06 16:11:44.828840245
[?1h=>>> :q
[?1l>Leaving GHCi.
]0;haruka@DESKTOP-LTV8VC4: ~/bprog2022[01;32mharuka@DESKTOP-LTV8VC4[00m:[01;34m~/bprog2022[00m$ git add.
git: 'add.' is not a git command. See 'git --help'.

The most similar command is
	add
]0;haruka@DESKTOP-LTV8VC4: ~/bprog2022[01;32mharuka@DESKTOP-LTV8VC4[00m:[01;34m~/bprog2022[00m$ git add .
]0;haruka@DESKTOP-LTV8VC4: ~/bprog2022[01;32mharuka@DESKTOP-LTV8VC4[00m:[01;34m~/bprog2022[00m$ git commit -m "1006"
[main ef5ebfc] 1006
 3 files changed, 153 insertions(+)
 create mode 100644 programming_session.log
 create mode 100644 src/Rec.hs
 create mode 100755 start_programming
]0;haruka@DESKTOP-LTV8VC4: ~/bprog2022[01;32mharuka@DESKTOP-LTV8VC4[00m:[01;34m~/bprog2022[00m$ git push
Enumerating objects: 8, done.
Counting objects:  12% (1/8)Counting objects:  25% (2/8)Counting objects:  37% (3/8)Counting objects:  50% (4/8)Counting objects:  62% (5/8)Counting objects:  75% (6/8)Counting objects:  87% (7/8)Counting objects: 100% (8/8)Counting objects: 100% (8/8), done.
Delta compression using up to 16 threads
Compressing objects:  16% (1/6)Compressing objects:  33% (2/6)Compressing objects:  50% (3/6)Compressing objects:  66% (4/6)Compressing objects:  83% (5/6)Compressing objects: 100% (6/6)Compressing objects: 100% (6/6), done.
Writing objects:  16% (1/6)Writing objects:  33% (2/6)Writing objects:  50% (3/6)Writing objects:  66% (4/6)Writing objects:  83% (5/6)Writing objects: 100% (6/6)Writing objects: 100% (6/6), 2.24 KiB | 764.00 KiB/s, done.
Total 6 (delta 2), reused 0 (delta 0)
remote: Resolving deltas:   0% (0/2)[Kremote: Resolving deltas:  50% (1/2)[Kremote: Resolving deltas: 100% (2/2)[Kremote: Resolving deltas: 100% (2/2), completed with 2 local objects.[K
To github.com:harukagithub1152/bprog2022.git
   775222f..ef5ebfc  main -> main
]0;haruka@DESKTOP-LTV8VC4: ~/bprog2022[01;32mharuka@DESKTOP-LTV8VC4[00m:[01;34m~/bprog2022[00m$ Script started on 2022-10-13 15:09:38+09:00 [TERM="xterm-256color" TTY="/dev/pts/3" COLUMNS="149" LINES="13"]
]0;haruka@DESKTOP-LTV8VC4: ~/bprog2022[01;32mharuka@DESKTOP-LTV8VC4[00m:[01;34m~/bprog2022[00m$ lghci src [K/Rec.hs
GHCi, version 9.0.2: https://www.haskell.org/ghc/  :? for help
Loaded GHCi configuration from /home/haruka/bprog2022/.ghci
[1 of 1] Compiling Rec              ( src/Rec.hs, interpreted )

[;1msrc/Rec.hs:37:17: [;1m[31merror:[0m[0m[;1m[0m[0m[;1m
    • Couldn't match expected type: [a] -> [a]
                  with actual type: [a]
    • The function ‘msort’ is applied to two value arguments,
        but its type ‘[a] -> [a]’ has only one
      In the expression: (msort ys) (msort zs)
      In a case alternative: (ys, zs) -> (msort ys) (msort zs)
    • Relevant bindings include
        zs :: [a] (bound at src/Rec.hs:37:10)
        ys :: [a] (bound at src/Rec.hs:37:6)
        xs :: [a] (bound at src/Rec.hs:36:7)
        msort :: [a] -> [a] (bound at src/Rec.hs:34:1)[0m[0m
[;1m[34m   |[0m[0m
[;1m[34m37 |[0m[0m     (ys, zs) -> [;1m[31m(msort ys) (msort zs)[0m[0m
[;1m[34m   |[0m[0m[;1m[31m                 ^^^^^^^^^^^^^^^^^^^^^[0m[0m
Failed, no modules loaded.
2022-10-13 15:10:00.951662078
[?1h=>>> :r
[?1l>[1 of 1] Compiling Rec              ( src/Rec.hs, interpreted )
Ok, one module loaded.
2022-10-13 15:10:52.750630878
[?1h=>>> :r
[?1l>[1 of 1] Compiling Rec              ( src/Rec.hs, interpreted )
Ok, one module loaded.
2022-10-13 15:11:41.738123038
[?1h=>>> :r
[?1l>[1 of 1] Compiling Rec              ( src/Rec.hs, interpreted )
Ok, one module loaded.
2022-10-13 15:12:18.418251351
[?1h=>>> sorttesut[K[Kt
[?1l>[3,1,4,1,5,9,2,6,5,3,5,8,9]
2022-10-13 15:12:32.907419167
[?1h=>>> msort sorttest
[?1l>[1,1,2,3,3,4,5,5,5,6,8,9,9]
2022-10-13 15:13:46.142332607
[?1h=>>> :r
[?1l>[1 of 1] Compiling Rec              ( src/Rec.hs, interpreted )
Ok, one module loaded.
2022-10-13 15:50:04.013122978
[?1h=>>> twiv[Kce inc 0
[?1l>2
2022-10-13 15:50:40.128236018
[?1h=>>> twice twiice [K[K[K[Kce inc 0
[?1l>4
2022-10-13 15:52:13.778146538
[?1h=>>> twicw[Ke twice twice inc 0
[?1l>16
2022-10-13 15:53:20.385476058
[?1h=>>> twice twice twice twice inc 0
[?1l>65536
2022-10-13 15:55:46.176944891
[?1h=>>> twice twice twice twice inc 0[K[K[K[K[Ktwice inc 0
[?1l>*** Exception: stack overflow
2022-10-13 15:59:14.249995161
[?1h=>>> :r
[?1l>[1 of 1] Compiling Rec              ( src/Rec.hs, interpreted )
Ok, one module loaded.
2022-10-13 16:06:00.339271282
[?1h=>>> map inc e[Ksorttest[K[K[K[K[K[K[K[K[K[K[K[K[K[K[K[Ksample
[?1l>
[;1m<interactive>:13:1: [;1m[31merror:[0m[0m[;1m[0m[0m[;1m Variable not in scope: sample[0m[0m
2022-10-13 16:06:55.039578363
[?1h=>>> :r
[?1l>[1 of 1] Compiling Rec              ( src/Rec.hs, interpreted )
Ok, one module loaded.
2022-10-13 16:06:59.933048014
[?1h=>>> sample
[?1l>[3,1,4,1,5,9,2,6,5,3,5,8,9]
2022-10-13 16:07:03.698643163
[?1h=>>> map o[Kinc sample
[?1l>[4,2,5,2,6,10,3,7,6,4,6,9,10]
2022-10-13 16:07:12.799941119
[?1h=>>> :q
[?1l>Leaving GHCi.
]0;haruka@DESKTOP-LTV8VC4: ~/bprog2022[01;32mharuka@DESKTOP-LTV8VC4[00m:[01;34m~/bprog2022[00m$ git ddd[K[K[Kadd .
]0;haruka@DESKTOP-LTV8VC4: ~/bprog2022[01;32mharuka@DESKTOP-LTV8VC4[00m:[01;34m~/bprog2022[00m$ git commit -m "update"
[main 196bc15] update
 2 files changed, 126 insertions(+), 1 deletion(-)
]0;haruka@DESKTOP-LTV8VC4: ~/bprog2022[01;32mharuka@DESKTOP-LTV8VC4[00m:[01;34m~/bprog2022[00m$ git push
Enumerating objects: 9, done.
Counting objects:  11% (1/9)Counting objects:  22% (2/9)Counting objects:  33% (3/9)Counting objects:  44% (4/9)Counting objects:  55% (5/9)Counting objects:  66% (6/9)Counting objects:  77% (7/9)Counting objects:  88% (8/9)Counting objects: 100% (9/9)Counting objects: 100% (9/9), done.
Delta compression using up to 16 threads
Compressing objects:  20% (1/5)Compressing objects:  40% (2/5)Compressing objects:  60% (3/5)Compressing objects:  80% (4/5)Compressing objects: 100% (5/5)Compressing objects: 100% (5/5), done.
Writing objects:  20% (1/5)Writing objects:  40% (2/5)Writing objects:  60% (3/5)Writing objects:  80% (4/5)Writing objects: 100% (5/5)Writing objects: 100% (5/5), 2.12 KiB | 722.00 KiB/s, done.
Total 5 (delta 3), reused 0 (delta 0)
remote: Resolving deltas:   0% (0/3)[Kremote: Resolving deltas:  33% (1/3)[Kremote: Resolving deltas:  66% (2/3)[Kremote: Resolving deltas: 100% (3/3)[Kremote: Resolving deltas: 100% (3/3), completed with 3 local objects.[K
To github.com:harukagithub1152/bprog2022.git
   ef5ebfc..196bc15  main -> main
]0;haruka@DESKTOP-LTV8VC4: ~/bprog2022[01;32mharuka@DESKTOP-LTV8VC4[00m:[01;34m~/bprog2022[00m$ git dd [K[K[Kadd .
